�F+ښ�ets Jul 29 2019 12:21:46

rst:0x1 (POWERON_RESET),boot:0x13 (SPI_FAST_FLASH_BOOT)
configsip: 0, SPIWP:0xee
clk_drv:0x00,q_drv:0x00,d_drv:0x00,cs0_drv:0x00,hd_drv:0x00,wp_drv:0x00
mode:DIO, clock div:2
load:0x3fff0030,len:7080
load:0x40078000,len:15584
load:0x40080400,len:4
ho 8 tail 4 room 4
load:0x40080404,len:3876
entry 0x4008064c
[0;32mI (31) boot: ESP-IDF v5.1.2 2nd stage bootloader[0m
[0;32mI (31) boot: compile time Mar 11 2026 15:11:30[0m
[0;32mI (31) boot: Multicore bootloader[0m
[0;32mI (35) boot: chip revision: v3.1[0m
[0;32mI (39) boot.esp32: SPI Speed      : 40MHz[0m
[0;32mI (44) boot.esp32: SPI Mode       : DIO[0m
[0;32mI (48) boot.esp32: SPI Flash Size : 4MB[0m
[0;32mI (53) boot: Enabling RNG early entropy source...[0m
[0;32mI (58) boot: Partition Table:[0m
[0;32mI (62) boot: ## Label            Usage          Type ST Offset   Length[0m
[0;32mI (69) boot:  0 nvs              WiFi data        01 02 00009000 00006000[0m
[0;32mI (77) boot:  1 phy_init         RF data          01 01 0000f000 00001000[0m
[0;32mI (84) boot:  2 factory          factory app      00 00 00010000 00100000[0m
[0;32mI (92) boot: End of partition table[0m
[0;32mI (96) esp_image: segment 0: paddr=00010020 vaddr=3f400020 size=0b408h ( 46088) map[0m
[0;32mI (121) esp_image: segment 1: paddr=0001b430 vaddr=3ffb0000 size=021c0h (  8640) load[0m
[0;32mI (125) esp_image: segment 2: paddr=0001d5f8 vaddr=40080000 size=02a20h ( 10784) load[0m
[0;32mI (131) esp_image: segment 3: paddr=00020020 vaddr=400d0020 size=19f68h (106344) map[0m
[0;32mI (174) esp_image: segment 4: paddr=00039f90 vaddr=40082a20 size=0ae00h ( 44544) load[0m
[0;32mI (199) boot: Loaded app from partition at offset 0x10000[0m
[0;32mI (199) boot: Disabling RNG early entropy source...[0m
[0;32mI (211) cpu_start: Multicore app[0m
[0;32mI (211) cpu_start: Pro cpu up.[0m
[0;32mI (211) cpu_start: Starting app cpu, entry point is 0x400812f8[0m
[0;32mI (0) cpu_start: App cpu up.[0m
[0;32mI (229) cpu_start: Pro cpu start user code[0m
[0;32mI (229) cpu_start: cpu freq: 240000000 Hz[0m
[0;32mI (229) cpu_start: Application information:[0m
[0;32mI (234) cpu_start: Project name:     ENDAP[0m
[0;32mI (239) cpu_start: App version:      1[0m
[0;32mI (243) cpu_start: Compile time:     Mar 11 2026 15:11:30[0m
[0;32mI (249) cpu_start: ELF file SHA256:  528fe844606039d7...[0m
[0;32mI (255) cpu_start: ESP-IDF:          v5.1.2[0m
[0;32mI (260) cpu_start: Min chip rev:     v0.0[0m
[0;32mI (265) cpu_start: Max chip rev:     v3.99 [0m
[0;32mI (269) cpu_start: Chip rev:         v3.1[0m
[0;32mI (274) heap_init: Initializing. RAM available for dynamic allocation:[0m
[0;32mI (281) heap_init: At 3FFAE6E0 len 00001920 (6 KiB): DRAM[0m
[0;32mI (287) heap_init: At 3FFB3220 len 0002CDE0 (179 KiB): DRAM[0m
[0;32mI (294) heap_init: At 3FFE0440 len 00003AE0 (14 KiB): D/IRAM[0m
[0;32mI (300) heap_init: At 3FFE4350 len 0001BCB0 (111 KiB): D/IRAM[0m
[0;32mI (306) heap_init: At 4008D820 len 000127E0 (73 KiB): IRAM[0m
[0;32mI (314) spi_flash: detected chip: generic[0m
[0;32mI (317) spi_flash: flash io: dio[0m
[0;32mI (322) app_start: Starting scheduler on CPU0[0m
[0;32mI (326) app_start: Starting scheduler on CPU1[0m
[0;32mI (326) main_task: Started on CPU0[0m
[0;32mI (336) main_task: Calling app_main()[0m
[0;32mI (366) CORE_SUP: Boot ENDAP[0m
[0;32mI (366) CORE_SUP: Init Infrastructure[0m
[0;32mI (366) gpio: GPIO[27]| InputEn: 0| OutputEn: 1| OpenDrain: 0| Pullup: 0| Pulldown: 0| Intr:0 [0m
[0;32mI (376) RS485: Driver RS485 inicializado[0m
[0;32mI (376) CORE_SUP: Init Domain[0m
[0;32mI (386) CORE_SUP: Init Services[0m
[0;32mI (386) WATCHDOG: Watchdog initialized[0m
[0;32mI (396) WATCHDOG: Registered WD 0 timeout=10 ms[0m
[0;32mI (396) CORE_SUP: Starting Control Loop[0m
[0;32mI (406) CTRL_LOOP: Control loop started (1000us)[0m
[0;32mI (406) main_task: Returned from app_main()[0m
[0;32mI (1406) DET_PROBE: cycles=1000 jitter(min/avg/max)=7/7/83 us[0m
[0;32mI (1406) KTRACE: cycles=1000 jitter(min/avg/max)=941/998/1000 us exec(min/avg/max)=7/7/83 us[0m
[0;32mI (2406) DET_PROBE: cycles=2000 jitter(min/avg/max)=7/7/83 us[0m
[0;32mI (2406) KTRACE: cycles=2000 jitter(min/avg/max)=925/1001/5075 us exec(min/avg/max)=7/7/83 us[0m
[0;32mI (3406) DET_PROBE: cycles=3000 jitter(min/avg/max)=7/7/83 us[0m
[0;32mI (3406) KTRACE: cycles=3000 jitter(min/avg/max)=417/1001/5075 us exec(min/avg/max)=7/7/83 us[0m
[0;32mI (4416) DET_PROBE: cycles=4000 jitter(min/avg/max)=7/7/83 us[0m
[0;32mI (4416) KTRACE: cycles=4000 jitter(min/avg/max)=417/1002/5075 us exec(min/avg/max)=7/7/83 us[0m
[0;32mI (5416) DET_PROBE: cycles=5000 jitter(min/avg/max)=7/7/83 us[0m
[0;32mI (5416) KTRACE: cycles=5000 jitter(min/avg/max)=417/1002/5075 us exec(min/avg/max)=7/7/83 us[0m
[0;32mI (5416) KERNEL_METRICS: jitter_max=4075 us exec_max=83 us deadline_miss=0 overrun=0[0m
[0;32mI (6426) DET_PROBE: cycles=6000 jitter(min/avg/max)=7/7/83 us[0m
[0;32mI (6426) KTRACE: cycles=6000 jitter(min/avg/max)=417/1003/13008 us exec(min/avg/max)=7/7/83 us[0m
[0;32mI (7426) DET_PROBE: cycles=7000 jitter(min/avg/max)=7/7/83 us[0m
[0;32mI (7426) KTRACE: cycles=7000 jitter(min/avg/max)=330/1003/13008 us exec(min/avg/max)=7/7/83 us[0m
[0;32mI (8436) DET_PROBE: cycles=8000 jitter(min/avg/max)=7/7/83 us[0m
[0;32mI (8436) KTRACE: cycles=8000 jitter(min/avg/max)=330/1003/13008 us exec(min/avg/max)=7/7/83 us[0m
[0;32mI (9436) DET_PROBE: cycles=9000 jitter(min/avg/max)=7/7/83 us[0m
[0;32mI (9436) KTRACE: cycles=9000 jitter(min/avg/max)=330/1003/13008 us exec(min/avg/max)=7/7/83 us[0m
[0;32mI (10436) DET_PROBE: cycles=10000 jitter(min/avg/max)=7/7/83 us[0m
[0;32mI (10436) KTRACE: cycles=10000 jitter(min/avg/max)=330/1003/13008 us exec(min/avg/max)=7/7/83 us[0m
[0;32mI (10446) KERNEL_METRICS: jitter_max=12008 us exec_max=83 us deadline_miss=0 overrun=0[0m
[0;32mI (11446) DET_PROBE: cycles=11000 jitter(min/avg/max)=7/7/83 us[0m
[0;32mI (11446) KTRACE: cycles=11000 jitter(min/avg/max)=330/1004/13600 us exec(min/avg/max)=7/7/83 us[0m
[0;32mI (12456) DET_PROBE: cycles=12000 jitter(min/avg/max)=7/7/83 us[0m
[0;32mI (12456) KTRACE: cycles=12000 jitter(min/avg/max)=330/1004/13600 us exec(min/avg/max)=7/7/83 us[0m
[0;32mI (13456) DET_PROBE: cycles=13000 jitter(min/avg/max)=7/7/83 us[0m
[0;32mI (13456) KTRACE: cycles=13000 jitter(min/avg/max)=330/1004/13600 us exec(min/avg/max)=7/7/83 us[0m
[0;32mI (14466) DET_PROBE: cycles=14000 jitter(min/avg/max)=7/7/83 us[0m
[0;32mI (14466) KTRACE: cycles=14000 jitter(min/avg/max)=330/1004/13600 us exec(min/avg/max)=7/7/83 us[0m
[0;32mI (15466) DET_PROBE: cycles=15000 jitter(min/avg/max)=7/7/83 us[0m
[0;32mI (15466) KTRACE: cycles=15000 jitter(min/avg/max)=330/1004/13600 us exec(min/avg/max)=7/7/83 us[0m
[0;32mI (15476) KERNEL_METRICS: jitter_max=12600 us exec_max=83 us deadline_miss=0 overrun=0[0m
[0;32mI (16476) DET_PROBE: cycles=16000 jitter(min/avg/max)=7/7/83 us[0m
[0;32mI (16476) KTRACE: cycles=16000 jitter(min/avg/max)=330/1004/13600 us exec(min/avg/max)=7/7/83 us[0m
[0;32mI (17486) DET_PROBE: cycles=17000 jitter(min/avg/max)=7/7/83 us[0m
[0;32mI (17486) KTRACE: cycles=17000 jitter(min/avg/max)=330/1004/13600 us exec(min/avg/max)=7/7/83 us[0m
[0;32mI (18486) DET_PROBE: cycles=18000 jitter(min/avg/max)=7/7/83 us[0m
[0;32mI (18486) KTRACE: cycles=18000 jitter(min/avg/max)=330/1004/13600 us exec(min/avg/max)=7/7/83 us[0m
[0;32mI (19486) DET_PROBE: cycles=19000 jitter(min/avg/max)=7/7/83 us[0m
[0;32mI (19486) KTRACE: cycles=19000 jitter(min/avg/max)=330/1004/13600 us exec(min/avg/max)=7/7/83 us[0m
[0;32mI (20496) DET_PROBE: cycles=20000 jitter(min/avg/max)=7/7/83 us[0m
[0;32mI (20496) KTRACE: cycles=20000 jitter(min/avg/max)=330/1004/13600 us exec(min/avg/max)=7/7/83 us[0m
[0;32mI (20496) KERNEL_METRICS: jitter_max=12600 us exec_max=83 us deadline_miss=0 overrun=0[0m
[0;32mI (21506) DET_PROBE: cycles=21000 jitter(min/avg/max)=7/7/83 us[0m
[0;32mI (21506) KTRACE: cycles=21000 jitter(min/avg/max)=330/1004/13600 us exec(min/avg/max)=7/7/83 us[0m
[0;32mI (22506) DET_PROBE: cycles=22000 jitter(min/avg/max)=7/7/83 us[0m
[0;32mI (22506) KTRACE: cycles=22000 jitter(min/avg/max)=330/1004/13600 us exec(min/avg/max)=7/7/83 us[0m
[0;32mI (23516) DET_PROBE: cycles=23000 jitter(min/avg/max)=7/7/83 us[0m
[0;32mI (23516) KTRACE: cycles=23000 jitter(min/avg/max)=330/1004/13600 us exec(min/avg/max)=7/7/83 us[0m
[0;32mI (24516) DET_PROBE: cycles=24000 jitter(min/avg/max)=7/7/83 us[0m
[0;32mI (24516) KTRACE: cycles=24000 jitter(min/avg/max)=330/1004/13600 us exec(min/avg/max)=7/7/83 us[0m
[0;32mI (25526) DET_PROBE: cycles=25000 jitter(min/avg/max)=7/7/83 us[0m
[0;32mI (25526) KTRACE: cycles=25000 jitter(min/avg/max)=330/1004/13600 us exec(min/avg/max)=7/7/83 us[0m
[0;32mI (25526) KERNEL_METRICS: jitter_max=12600 us exec_max=83 us deadline_miss=0 overrun=0[0m
[0;32mI (26536) DET_PROBE: cycles=26000 jitter(min/avg/max)=7/7/83 us[0m
[0;32mI (26536) KTRACE: cycles=26000 jitter(min/avg/max)=330/1005/13600 us exec(min/avg/max)=7/7/83 us[0m
[0;32mI (27536) DET_PROBE: cycles=27000 jitter(min/avg/max)=7/7/83 us[0m
[0;32mI (27536) KTRACE: cycles=27000 jitter(min/avg/max)=330/1005/13600 us exec(min/avg/max)=7/7/83 us[0m
[0;32mI (28546) DET_PROBE: cycles=28000 jitter(min/avg/max)=7/7/83 us[0m
[0;32mI (28546) KTRACE: cycles=28000 jitter(min/avg/max)=330/1004/13600 us exec(min/avg/max)=7/7/83 us[0m
[0;32mI (29546) DET_PROBE: cycles=29000 jitter(min/avg/max)=7/7/83 us[0m
[0;32mI (29546) KTRACE: cycles=29000 jitter(min/avg/max)=330/1004/13600 us exec(min/avg/max)=7/7/83 us[0m
[0;32mI (30546) DET_PROBE: cycles=30000 jitter(min/avg/max)=7/7/83 us[0m
[0;32mI (30546) KTRACE: cycles=30000 jitter(min/avg/max)=330/1004/13600 us exec(min/avg/max)=7/7/83 us[0m
[0;32mI (30556) KERNEL_METRICS: jitter_max=12600 us exec_max=83 us deadline_miss=0 overrun=0[0m
[0;32mI (31566) DET_PROBE: cycles=31000 jitter(min/avg/max)=7/7/83 us[0m
[0;32mI (31566) KTRACE: cycles=31000 jitter(min/avg/max)=330/1005/13600 us exec(min/avg/max)=7/7/83 us[0m
[0;32mI (32566) DET_PROBE: cycles=32000 jitter(min/avg/max)=7/7/83 us[0m
[0;32mI (32566) KTRACE: cycles=32000 jitter(min/avg/max)=330/1005/13600 us exec(min/avg/max)=7/7/83 us[0m
[0;32mI (33566) DET_PROBE: cycles=33000 jitter(min/avg/max)=7/7/83 us[0m
[0;32mI (33566) KTRACE: cycles=33000 jitter(min/avg/max)=330/1005/13600 us exec(min/avg/max)=7/7/83 us[0m
[0;32mI (34576) DET_PROBE: cycles=34000 jitter(min/avg/max)=7/7/83 us[0m
[0;32mI (34576) KTRACE: cycles=34000 jitter(min/avg/max)=330/1005/13600 us exec(min/avg/max)=7/7/83 us[0m
